// Jest Snapshot v1, https://goo.gl/fbAQLP

exports[`component <TableHead /> should render correctly 1`] = `
.c0 {
  text-align: left;
  background-color: transparent;
}

<thead
  className="c0"
/>
`;
